// Jest Snapshot v1, https://goo.gl/fbAQLP

exports[`NoteList component renders the UI as expected 1`] = `
<div
  className="note-list"
>
  <div
    className="noteList-header-container"
  >
    <h2
      className="noteList-header"
    >
      Notes
    </h2>
    <a
      href="/newNote"
      onClick={[Function]}
    >
      <button
        className="add-note"
      >
        Add Note
      </button>
    </a>
  </div>
</div>
`;
