// Jest Snapshot v1, https://goo.gl/fbAQLP

exports[`NewNoteForm component renders UI as expected 1`] = `
<div
  className="note-list"
>
  <div
    className="noteList-header-container"
  >
    <h2
      className="noteList-header"
    >
      Create a note
    </h2>
  </div>
  <form
    className="form"
    onSubmit={[Function]}
  >
    <div
      className="input-fields"
    >
      <label
        htmlFor="note-name"
      >
        Name
      </label>
      <input
        aria-label="note-name"
        aria-required="true"
        id="name"
        name="name"
        required={true}
        type="text"
      />
      <label
        htmlFor="note-content"
      >
        Content
      </label>
      <textarea
        aria-label="note-content"
        aria-required="true"
        id="content"
        name="content"
        required={true}
        type="text"
      />
      <label
        htmlFor="folder"
      >
        Folder
      </label>
      <select
        aria-label="folder-selection"
        aria-required="true"
        id="folder-selection"
        name="folder-selection"
        onChange={[Function]}
        required={true}
      >
        <option
          value=""
        >
          Select one...
        </option>
      </select>
    </div>
    <div
      className="button-field"
    >
      <button
        className="add"
        type="submit"
      >
        Add Note
      </button>
    </div>
  </form>
</div>
`;
